Archive member included to satisfy reference by file (symbol)

f:/gcc-arm-none-eabi-10.3-2021.10/bin/../lib/gcc/arm-none-eabi/10.3.1/../../../../arm-none-eabi/lib/thumb/v7-m/nofp\libg.a(lib_a-errno.o)
                              CMakeFiles/haircut_stepmotor_control.elf.dir/Core/Src/syscalls.c.obj (__errno)
f:/gcc-arm-none-eabi-10.3-2021.10/bin/../lib/gcc/arm-none-eabi/10.3.1/../../../../arm-none-eabi/lib/thumb/v7-m/nofp\libg.a(lib_a-exit.o)
                              f:/gcc-arm-none-eabi-10.3-2021.10/bin/../lib/gcc/arm-none-eabi/10.3.1/../../../../arm-none-eabi/lib/thumb/v7-m/nofp/crt0.o (exit)
f:/gcc-arm-none-eabi-10.3-2021.10/bin/../lib/gcc/arm-none-eabi/10.3.1/../../../../arm-none-eabi/lib/thumb/v7-m/nofp\libg.a(lib_a-impure.o)
                              f:/gcc-arm-none-eabi-10.3-2021.10/bin/../lib/gcc/arm-none-eabi/10.3.1/../../../../arm-none-eabi/lib/thumb/v7-m/nofp\libg.a(lib_a-exit.o) (_global_impure_ptr)
f:/gcc-arm-none-eabi-10.3-2021.10/bin/../lib/gcc/arm-none-eabi/10.3.1/../../../../arm-none-eabi/lib/thumb/v7-m/nofp\libg.a(lib_a-init.o)
                              f:/gcc-arm-none-eabi-10.3-2021.10/bin/../lib/gcc/arm-none-eabi/10.3.1/../../../../arm-none-eabi/lib/thumb/v7-m/nofp/crt0.o (__libc_init_array)
f:/gcc-arm-none-eabi-10.3-2021.10/bin/../lib/gcc/arm-none-eabi/10.3.1/../../../../arm-none-eabi/lib/thumb/v7-m/nofp\libg.a(lib_a-memset.o)
                              f:/gcc-arm-none-eabi-10.3-2021.10/bin/../lib/gcc/arm-none-eabi/10.3.1/../../../../arm-none-eabi/lib/thumb/v7-m/nofp/crt0.o (memset)
f:/gcc-arm-none-eabi-10.3-2021.10/bin/../lib/gcc/arm-none-eabi/10.3.1/../../../../arm-none-eabi/lib/thumb/v7-m/nofp\libg.a(lib_a-__call_atexit.o)
                              f:/gcc-arm-none-eabi-10.3-2021.10/bin/../lib/gcc/arm-none-eabi/10.3.1/../../../../arm-none-eabi/lib/thumb/v7-m/nofp\libg.a(lib_a-exit.o) (__call_exitprocs)
f:/gcc-arm-none-eabi-10.3-2021.10/bin/../lib/gcc/arm-none-eabi/10.3.1/../../../../arm-none-eabi/lib/thumb/v7-m/nofp\libg.a(lib_a-atexit.o)
                              f:/gcc-arm-none-eabi-10.3-2021.10/bin/../lib/gcc/arm-none-eabi/10.3.1/../../../../arm-none-eabi/lib/thumb/v7-m/nofp\libg.a(lib_a-__call_atexit.o) (atexit)
f:/gcc-arm-none-eabi-10.3-2021.10/bin/../lib/gcc/arm-none-eabi/10.3.1/../../../../arm-none-eabi/lib/thumb/v7-m/nofp\libg.a(lib_a-fini.o)
                              f:/gcc-arm-none-eabi-10.3-2021.10/bin/../lib/gcc/arm-none-eabi/10.3.1/../../../../arm-none-eabi/lib/thumb/v7-m/nofp\libg.a(lib_a-__call_atexit.o) (__libc_fini_array)
f:/gcc-arm-none-eabi-10.3-2021.10/bin/../lib/gcc/arm-none-eabi/10.3.1/../../../../arm-none-eabi/lib/thumb/v7-m/nofp\libg.a(lib_a-lock.o)
                              f:/gcc-arm-none-eabi-10.3-2021.10/bin/../lib/gcc/arm-none-eabi/10.3.1/../../../../arm-none-eabi/lib/thumb/v7-m/nofp\libg.a(lib_a-__call_atexit.o) (__retarget_lock_acquire_recursive)
f:/gcc-arm-none-eabi-10.3-2021.10/bin/../lib/gcc/arm-none-eabi/10.3.1/../../../../arm-none-eabi/lib/thumb/v7-m/nofp\libg.a(lib_a-__atexit.o)
                              f:/gcc-arm-none-eabi-10.3-2021.10/bin/../lib/gcc/arm-none-eabi/10.3.1/../../../../arm-none-eabi/lib/thumb/v7-m/nofp\libg.a(lib_a-atexit.o) (__register_exitproc)

Discarded input sections

 .text          0x00000000        0x0 f:/gcc-arm-none-eabi-10.3-2021.10/bin/../lib/gcc/arm-none-eabi/10.3.1/thumb/v7-m/nofp/crti.o
 .data          0x00000000        0x0 f:/gcc-arm-none-eabi-10.3-2021.10/bin/../lib/gcc/arm-none-eabi/10.3.1/thumb/v7-m/nofp/crti.o
 .bss           0x00000000        0x0 f:/gcc-arm-none-eabi-10.3-2021.10/bin/../lib/gcc/arm-none-eabi/10.3.1/thumb/v7-m/nofp/crti.o
 .data          0x00000000        0x4 f:/gcc-arm-none-eabi-10.3-2021.10/bin/../lib/gcc/arm-none-eabi/10.3.1/thumb/v7-m/nofp/crtbegin.o
 .rodata        0x00000000       0x24 f:/gcc-arm-none-eabi-10.3-2021.10/bin/../lib/gcc/arm-none-eabi/10.3.1/thumb/v7-m/nofp/crtbegin.o
 .text          0x00000000       0x7c f:/gcc-arm-none-eabi-10.3-2021.10/bin/../lib/gcc/arm-none-eabi/10.3.1/../../../../arm-none-eabi/lib/thumb/v7-m/nofp/crt0.o
 .data          0x00000000        0x0 f:/gcc-arm-none-eabi-10.3-2021.10/bin/../lib/gcc/arm-none-eabi/10.3.1/../../../../arm-none-eabi/lib/thumb/v7-m/nofp/crt0.o
 .bss           0x00000000        0x0 f:/gcc-arm-none-eabi-10.3-2021.10/bin/../lib/gcc/arm-none-eabi/10.3.1/../../../../arm-none-eabi/lib/thumb/v7-m/nofp/crt0.o
 .ARM.extab     0x00000000        0x0 f:/gcc-arm-none-eabi-10.3-2021.10/bin/../lib/gcc/arm-none-eabi/10.3.1/../../../../arm-none-eabi/lib/thumb/v7-m/nofp/crt0.o
 .ARM.exidx     0x00000000       0x10 f:/gcc-arm-none-eabi-10.3-2021.10/bin/../lib/gcc/arm-none-eabi/10.3.1/../../../../arm-none-eabi/lib/thumb/v7-m/nofp/crt0.o
 .ARM.attributes
                0x00000000       0x1b f:/gcc-arm-none-eabi-10.3-2021.10/bin/../lib/gcc/arm-none-eabi/10.3.1/../../../../arm-none-eabi/lib/thumb/v7-m/nofp/crt0.o
 .text          0x00000000        0x0 CMakeFiles/haircut_stepmotor_control.elf.dir/Core/Src/gpio.c.obj
[...]
Memory Configuration

Name             Origin             Length             Attributes
RAM              0x20000000         0x00005000         xrw
FLASH            0x08000000         0x00010000         xr
*default*        0x00000000         0xffffffff

Linker script and memory map

LOAD f:/gcc-arm-none-eabi-10.3-2021.10/bin/../lib/gcc/arm-none-eabi/10.3.1/thumb/v7-m/nofp/crti.o
LOAD f:/gcc-arm-none-eabi-10.3-2021.10/bin/../lib/gcc/arm-none-eabi/10.3.1/thumb/v7-m/nofp/crtbegin.o
LOAD f:/gcc-arm-none-eabi-10.3-2021.10/bin/../lib/gcc/arm-none-eabi/10.3.1/../../../../arm-none-eabi/lib/thumb/v7-m/nofp/crt0.o
LOAD CMakeFiles/haircut_stepmotor_control.elf.dir/Core/Src/gpio.c.obj
LOAD CMakeFiles/haircut_stepmotor_control.elf.dir/Core/Src/main.c.obj
LOAD CMakeFiles/haircut_stepmotor_control.elf.dir/Core/Src/stm32f1xx_hal_msp.c.obj
LOAD CMakeFiles/haircut_stepmotor_control.elf.dir/Core/Src/stm32f1xx_it.c.obj
LOAD CMakeFiles/haircut_stepmotor_control.elf.dir/Core/Src/syscalls.c.obj
LOAD CMakeFiles/haircut_stepmotor_control.elf.dir/Core/Src/sysmem.c.obj
LOAD CMakeFiles/haircut_stepmotor_control.elf.dir/Core/Src/system_stm32f1xx.c.obj
LOAD CMakeFiles/haircut_stepmotor_control.elf.dir/Core/Src/tim.c.obj
LOAD CMakeFiles/haircut_stepmotor_control.elf.dir/Core/Startup/startup_stm32f103c8tx.s.obj
LOAD CMakeFiles/haircut_stepmotor_control.elf.dir/Drivers/STM32F1xx_HAL_Driver/Src/stm32f1xx_hal.c.obj
LOAD CMakeFiles/haircut_stepmotor_control.elf.dir/Drivers/STM32F1xx_HAL_Driver/Src/stm32f1xx_hal_cortex.c.obj
LOAD CMakeFiles/haircut_stepmotor_control.elf.dir/Drivers/STM32F1xx_HAL_Driver/Src/stm32f1xx_hal_dma.c.obj
LOAD CMakeFiles/haircut_stepmotor_control.elf.dir/Drivers/STM32F1xx_HAL_Driver/Src/stm32f1xx_hal_exti.c.obj
LOAD CMakeFiles/haircut_stepmotor_control.elf.dir/Drivers/STM32F1xx_HAL_Driver/Src/stm32f1xx_hal_flash.c.obj
LOAD CMakeFiles/haircut_stepmotor_control.elf.dir/Drivers/STM32F1xx_HAL_Driver/Src/stm32f1xx_hal_flash_ex.c.obj
LOAD CMakeFiles/haircut_stepmotor_control.elf.dir/Drivers/STM32F1xx_HAL_Driver/Src/stm32f1xx_hal_gpio.c.obj
LOAD CMakeFiles/haircut_stepmotor_control.elf.dir/Drivers/STM32F1xx_HAL_Driver/Src/stm32f1xx_hal_gpio_ex.c.obj
LOAD CMakeFiles/haircut_stepmotor_control.elf.dir/Drivers/STM32F1xx_HAL_Driver/Src/stm32f1xx_hal_pwr.c.obj
LOAD CMakeFiles/haircut_stepmotor_control.elf.dir/Drivers/STM32F1xx_HAL_Driver/Src/stm32f1xx_hal_rcc.c.obj
LOAD CMakeFiles/haircut_stepmotor_control.elf.dir/Drivers/STM32F1xx_HAL_Driver/Src/stm32f1xx_hal_rcc_ex.c.obj
LOAD CMakeFiles/haircut_stepmotor_control.elf.dir/Drivers/STM32F1xx_HAL_Driver/Src/stm32f1xx_hal_tim.c.obj
LOAD CMakeFiles/haircut_stepmotor_control.elf.dir/Drivers/STM32F1xx_HAL_Driver/Src/stm32f1xx_hal_tim_ex.c.obj
START GROUP
LOAD f:/gcc-arm-none-eabi-10.3-2021.10/bin/../lib/gcc/arm-none-eabi/10.3.1/thumb/v7-m/nofp\libgcc.a
LOAD f:/gcc-arm-none-eabi-10.3-2021.10/bin/../lib/gcc/arm-none-eabi/10.3.1/../../../../arm-none-eabi/lib/thumb/v7-m/nofp\libg.a
LOAD f:/gcc-arm-none-eabi-10.3-2021.10/bin/../lib/gcc/arm-none-eabi/10.3.1/../../../../arm-none-eabi/lib/thumb/v7-m/nofp\libc.a
END GROUP
LOAD f:/gcc-arm-none-eabi-10.3-2021.10/bin/../lib/gcc/arm-none-eabi/10.3.1/thumb/v7-m/nofp/crtend.o
LOAD f:/gcc-arm-none-eabi-10.3-2021.10/bin/../lib/gcc/arm-none-eabi/10.3.1/thumb/v7-m/nofp/crtn.o
                0x20005000                _estack = (ORIGIN (RAM) + LENGTH (RAM))
                0x00000200                _Min_Heap_Size = 0x200
                0x00000400                _Min_Stack_Size = 0x400

.isr_vector     0x08000000      0x10c
                0x08000000                . = ALIGN (0x4)
 *(.isr_vector)
 .isr_vector    0x08000000      0x10c CMakeFiles/haircut_stepmotor_control.elf.dir/Core/Startup/startup_stm32f103c8tx.s.obj
                0x08000000                g_pfnVectors
                0x0800010c                . = ALIGN (0x4)

.text           0x0800010c     0x1318
                0x0800010c                . = ALIGN (0x4)
 *(.text)
 .text          0x0800010c       0x40 f:/gcc-arm-none-eabi-10.3-2021.10/bin/../lib/gcc/arm-none-eabi/10.3.1/thumb/v7-m/nofp/crtbegin.o
 *(.text*)
 .text.MX_GPIO_Init
                0x0800014c       0x64 CMakeFiles/haircut_stepmotor_control.elf.dir/Core/Src/gpio.c.obj
                0x0800014c                MX_GPIO_Init
 .text.Error_Handler
                0x080001b0        0x4 CMakeFiles/haircut_stepmotor_control.elf.dir/Core/Src/main.c.obj
                0x080001b0                Error_Handler
 .text.SystemClock_Config
                0x080001b4       0x64 CMakeFiles/haircut_stepmotor_control.elf.dir/Core/Src/main.c.obj
                0x080001b4                SystemClock_Config
 .text.main     0x08000218       0x5c CMakeFiles/haircut_stepmotor_control.elf.dir/Core/Src/main.c.obj
                0x08000218                main
 .text.HAL_MspInit
                0x08000274       0x44 CMakeFiles/haircut_stepmotor_control.elf.dir/Core/Src/stm32f1xx_hal_msp.c.obj
                0x08000274                HAL_MspInit
 .text.NMI_Handler
                0x080002b8        0x2 CMakeFiles/haircut_stepmotor_control.elf.dir/Core/Src/stm32f1xx_it.c.obj
                0x080002b8                NMI_Handler
 .text.HardFault_Handler
                0x080002ba        0x2 CMakeFiles/haircut_stepmotor_control.elf.dir/Core/Src/stm32f1xx_it.c.obj
                0x080002ba                HardFault_Handler
 .text.MemManage_Handler
                0x080002bc        0x2 CMakeFiles/haircut_stepmotor_control.elf.dir/Core/Src/stm32f1xx_it.c.obj
                0x080002bc                MemManage_Handler
 .text.BusFault_Handler
                0x080002be        0x2 CMakeFiles/haircut_stepmotor_control.elf.dir/Core/Src/stm32f1xx_it.c.obj
                0x080002be                BusFault_Handler
 .text.UsageFault_Handler
                0x080002c0        0x2 CMakeFiles/haircut_stepmotor_control.elf.dir/Core/Src/stm32f1xx_it.c.obj
                0x080002c0                UsageFault_Handler
 .text.SVC_Handler
                0x080002c2        0x2 CMakeFiles/haircut_stepmotor_control.elf.dir/Core/Src/stm32f1xx_it.c.obj
                0x080002c2                SVC_Handler
 .text.DebugMon_Handler
                0x080002c4        0x2 CMakeFiles/haircut_stepmotor_control.elf.dir/Core/Src/stm32f1xx_it.c.obj
                0x080002c4                DebugMon_Handler
 .text.PendSV_Handler
                0x080002c6        0x2 CMakeFiles/haircut_stepmotor_control.elf.dir/Core/Src/stm32f1xx_it.c.obj
                0x080002c6                PendSV_Handler
 .text.SysTick_Handler
                0x080002c8        0x8 CMakeFiles/haircut_stepmotor_control.elf.dir/Core/Src/stm32f1xx_it.c.obj
                0x080002c8                SysTick_Handler
 .text.SystemInit
                0x080002d0        0x2 CMakeFiles/haircut_stepmotor_control.elf.dir/Core/Src/system_stm32f1xx.c.obj
                0x080002d0                SystemInit
 .text.HAL_TIM_PWM_MspInit
                0x080002d2       0x26 CMakeFiles/haircut_stepmotor_control.elf.dir/Core/Src/tim.c.obj
                0x080002d2                HAL_TIM_PWM_MspInit
 .text.HAL_TIM_MspPostInit
                0x080002f8       0x4c CMakeFiles/haircut_stepmotor_control.elf.dir/Core/Src/tim.c.obj
                0x080002f8                HAL_TIM_MspPostInit
 .text.MX_TIM2_Init
                0x08000344       0x80 CMakeFiles/haircut_stepmotor_control.elf.dir/Core/Src/tim.c.obj
                0x08000344                MX_TIM2_Init
 .text.Reset_Handler
                0x080003c4       0x48 CMakeFiles/haircut_stepmotor_control.elf.dir/Core/Startup/startup_stm32f103c8tx.s.obj
                0x080003c4                Reset_Handler
 .text.Default_Handler
                0x0800040c        0x2 CMakeFiles/haircut_stepmotor_control.elf.dir/Core/Startup/startup_stm32f103c8tx.s.obj
                0x0800040c                RTC_Alarm_IRQHandler
                0x0800040c                EXTI2_IRQHandler
                0x0800040c                TIM1_CC_IRQHandler
                0x0800040c                PVD_IRQHandler
                0x0800040c                EXTI3_IRQHandler
                0x0800040c                EXTI0_IRQHandler
                0x0800040c                I2C2_EV_IRQHandler
                0x0800040c                ADC1_2_IRQHandler
                0x0800040c                SPI1_IRQHandler
                0x0800040c                TAMPER_IRQHandler
                0x0800040c                DMA1_Channel4_IRQHandler
                0x0800040c                USART3_IRQHandler
                0x0800040c                RTC_IRQHandler
                0x0800040c                DMA1_Channel7_IRQHandler
                0x0800040c                CAN1_RX1_IRQHandler
                0x0800040c                TIM4_IRQHandler
                0x0800040c                I2C1_EV_IRQHandler
                0x0800040c                DMA1_Channel6_IRQHandler
                0x0800040c                TIM3_IRQHandler
                0x0800040c                RCC_IRQHandler
                0x0800040c                TIM1_TRG_COM_IRQHandler
                0x0800040c                DMA1_Channel1_IRQHandler
                0x0800040c                Default_Handler
                0x0800040c                EXTI15_10_IRQHandler
                0x0800040c                EXTI9_5_IRQHandler
                0x0800040c                SPI2_IRQHandler
                0x0800040c                DMA1_Channel5_IRQHandler
                0x0800040c                EXTI4_IRQHandler
                0x0800040c                USB_LP_CAN1_RX0_IRQHandler
                0x0800040c                USB_HP_CAN1_TX_IRQHandler
                0x0800040c                DMA1_Channel3_IRQHandler
                0x0800040c                TIM1_UP_IRQHandler
                0x0800040c                WWDG_IRQHandler
                0x0800040c                TIM2_IRQHandler
                0x0800040c                TIM1_BRK_IRQHandler
                0x0800040c                EXTI1_IRQHandler
                0x0800040c                USART2_IRQHandler
                0x0800040c                I2C2_ER_IRQHandler
                0x0800040c                DMA1_Channel2_IRQHandler
                0x0800040c                CAN1_SCE_IRQHandler
                0x0800040c                FLASH_IRQHandler
                0x0800040c                USART1_IRQHandler
                0x0800040c                I2C1_ER_IRQHandler
                0x0800040c                USBWakeUp_IRQHandler
 *fill*         0x0800040e        0x2 
 .text.HAL_InitTick
                0x08000410       0x4c CMakeFiles/haircut_stepmotor_control.elf.dir/Drivers/STM32F1xx_HAL_Driver/Src/stm32f1xx_hal.c.obj
                0x08000410                HAL_InitTick
 .text.HAL_Init
                0x0800045c       0x24 CMakeFiles/haircut_stepmotor_control.elf.dir/Drivers/STM32F1xx_HAL_Driver/Src/stm32f1xx_hal.c.obj
                0x0800045c                HAL_Init
 .text.HAL_IncTick
                0x08000480       0x18 CMakeFiles/haircut_stepmotor_control.elf.dir/Drivers/STM32F1xx_HAL_Driver/Src/stm32f1xx_hal.c.obj
                0x08000480                HAL_IncTick
 .text.HAL_GetTick
                0x08000498        0xc CMakeFiles/haircut_stepmotor_control.elf.dir/Drivers/STM32F1xx_HAL_Driver/Src/stm32f1xx_hal.c.obj
                0x08000498                HAL_GetTick
 .text.HAL_Delay
                0x080004a4       0x28 CMakeFiles/haircut_stepmotor_control.elf.dir/Drivers/STM32F1xx_HAL_Driver/Src/stm32f1xx_hal.c.obj
                0x080004a4                HAL_Delay
 .text.HAL_NVIC_SetPriorityGrouping
                0x080004cc       0x24 CMakeFiles/haircut_stepmotor_control.elf.dir/Drivers/STM32F1xx_HAL_Driver/Src/stm32f1xx_hal_cortex.c.obj
                0x080004cc                HAL_NVIC_SetPriorityGrouping
 .text.HAL_NVIC_SetPriority
                0x080004f0       0x70 CMakeFiles/haircut_stepmotor_control.elf.dir/Drivers/STM32F1xx_HAL_Driver/Src/stm32f1xx_hal_cortex.c.obj
                0x080004f0                HAL_NVIC_SetPriority
 .text.HAL_SYSTICK_Config
                0x08000560       0x28 CMakeFiles/haircut_stepmotor_control.elf.dir/Drivers/STM32F1xx_HAL_Driver/Src/stm32f1xx_hal_cortex.c.obj
                0x08000560                HAL_SYSTICK_Config
 .text.HAL_GPIO_Init
                0x08000588      0x224 CMakeFiles/haircut_stepmotor_control.elf.dir/Drivers/STM32F1xx_HAL_Driver/Src/stm32f1xx_hal_gpio.c.obj
                0x08000588                HAL_GPIO_Init
 .text.HAL_GPIO_WritePin
                0x080007ac        0xc CMakeFiles/haircut_stepmotor_control.elf.dir/Drivers/STM32F1xx_HAL_Driver/Src/stm32f1xx_hal_gpio.c.obj
                0x080007ac                HAL_GPIO_WritePin
 .text.RCC_Delay
                0x080007b8       0x2c CMakeFiles/haircut_stepmotor_control.elf.dir/Drivers/STM32F1xx_HAL_Driver/Src/stm32f1xx_hal_rcc.c.obj
 .text.HAL_RCC_OscConfig
                0x080007e4      0x410 CMakeFiles/haircut_stepmotor_control.elf.dir/Drivers/STM32F1xx_HAL_Driver/Src/stm32f1xx_hal_rcc.c.obj
                0x080007e4                HAL_RCC_OscConfig
 .text.HAL_RCC_GetSysClockFreq
                0x08000bf4       0x54 CMakeFiles/haircut_stepmotor_control.elf.dir/Drivers/STM32F1xx_HAL_Driver/Src/stm32f1xx_hal_rcc.c.obj
                0x08000bf4                HAL_RCC_GetSysClockFreq
 .text.HAL_RCC_ClockConfig
                0x08000c48      0x16c CMakeFiles/haircut_stepmotor_control.elf.dir/Drivers/STM32F1xx_HAL_Driver/Src/stm32f1xx_hal_rcc.c.obj
                0x08000c48                HAL_RCC_ClockConfig
 .text.TIM_OC1_SetConfig
                0x08000db4       0x5c CMakeFiles/haircut_stepmotor_control.elf.dir/Drivers/STM32F1xx_HAL_Driver/Src/stm32f1xx_hal_tim.c.obj
 .text.TIM_OC3_SetConfig
                0x08000e10       0x64 CMakeFiles/haircut_stepmotor_control.elf.dir/Drivers/STM32F1xx_HAL_Driver/Src/stm32f1xx_hal_tim.c.obj
 .text.TIM_OC4_SetConfig
                0x08000e74       0x48 CMakeFiles/haircut_stepmotor_control.elf.dir/Drivers/STM32F1xx_HAL_Driver/Src/stm32f1xx_hal_tim.c.obj
 .text.TIM_Base_SetConfig
                0x08000ebc       0x84 CMakeFiles/haircut_stepmotor_control.elf.dir/Drivers/STM32F1xx_HAL_Driver/Src/stm32f1xx_hal_tim.c.obj
                0x08000ebc                TIM_Base_SetConfig
 .text.HAL_TIM_PWM_Init
                0x08000f40       0x58 CMakeFiles/haircut_stepmotor_control.elf.dir/Drivers/STM32F1xx_HAL_Driver/Src/stm32f1xx_hal_tim.c.obj
                0x08000f40                HAL_TIM_PWM_Init
 .text.TIM_OC2_SetConfig
                0x08000f98       0x64 CMakeFiles/haircut_stepmotor_control.elf.dir/Drivers/STM32F1xx_HAL_Driver/Src/stm32f1xx_hal_tim.c.obj
                0x08000f98                TIM_OC2_SetConfig
 .text.HAL_TIM_PWM_ConfigChannel
                0x08000ffc       0xdc CMakeFiles/haircut_stepmotor_control.elf.dir/Drivers/STM32F1xx_HAL_Driver/Src/stm32f1xx_hal_tim.c.obj
                0x08000ffc                HAL_TIM_PWM_ConfigChannel
 .text.TIM_CCxChannelCmd
                0x080010d8       0x1e CMakeFiles/haircut_stepmotor_control.elf.dir/Drivers/STM32F1xx_HAL_Driver/Src/stm32f1xx_hal_tim.c.obj
                0x080010d8                TIM_CCxChannelCmd
 *fill*         0x080010f6        0x2 
 .text.HAL_TIM_PWM_Start
                0x080010f8       0xdc CMakeFiles/haircut_stepmotor_control.elf.dir/Drivers/STM32F1xx_HAL_Driver/Src/stm32f1xx_hal_tim.c.obj
                0x080010f8                HAL_TIM_PWM_Start
 .text.HAL_TIMEx_MasterConfigSynchronization
                0x080011d4       0x6c CMakeFiles/haircut_stepmotor_control.elf.dir/Drivers/STM32F1xx_HAL_Driver/Src/stm32f1xx_hal_tim_ex.c.obj
                0x080011d4                HAL_TIMEx_MasterConfigSynchronization
 .text.__libc_init_array
                0x08001240       0x48 f:/gcc-arm-none-eabi-10.3-2021.10/bin/../lib/gcc/arm-none-eabi/10.3.1/../../../../arm-none-eabi/lib/thumb/v7-m/nofp\libg.a(lib_a-init.o)
                0x08001240                __libc_init_array
 .text.memset   0x08001288       0xa4 f:/gcc-arm-none-eabi-10.3-2021.10/bin/../lib/gcc/arm-none-eabi/10.3.1/../../../../arm-none-eabi/lib/thumb/v7-m/nofp\libg.a(lib_a-memset.o)
                0x08001288                memset
 .text.startup.register_fini
                0x0800132c       0x14 f:/gcc-arm-none-eabi-10.3-2021.10/bin/../lib/gcc/arm-none-eabi/10.3.1/../../../../arm-none-eabi/lib/thumb/v7-m/nofp\libg.a(lib_a-__call_atexit.o)
 .text.atexit   0x08001340        0xc f:/gcc-arm-none-eabi-10.3-2021.10/bin/../lib/gcc/arm-none-eabi/10.3.1/../../../../arm-none-eabi/lib/thumb/v7-m/nofp\libg.a(lib_a-atexit.o)
                0x08001340                atexit
 .text.__libc_fini_array
                0x0800134c       0x2c f:/gcc-arm-none-eabi-10.3-2021.10/bin/../lib/gcc/arm-none-eabi/10.3.1/../../../../arm-none-eabi/lib/thumb/v7-m/nofp\libg.a(lib_a-fini.o)
                0x0800134c                __libc_fini_array
 .text.__retarget_lock_acquire_recursive
                0x08001378        0x4 f:/gcc-arm-none-eabi-10.3-2021.10/bin/../lib/gcc/arm-none-eabi/10.3.1/../../../../arm-none-eabi/lib/thumb/v7-m/nofp\libg.a(lib_a-lock.o)
                0x08001378                __retarget_lock_acquire_recursive
 .text.__retarget_lock_release_recursive
                0x0800137c        0x4 f:/gcc-arm-none-eabi-10.3-2021.10/bin/../lib/gcc/arm-none-eabi/10.3.1/../../../../arm-none-eabi/lib/thumb/v7-m/nofp\libg.a(lib_a-lock.o)
                0x0800137c                __retarget_lock_release_recursive
 .text.__register_exitproc
                0x08001380       0x8c f:/gcc-arm-none-eabi-10.3-2021.10/bin/../lib/gcc/arm-none-eabi/10.3.1/../../../../arm-none-eabi/lib/thumb/v7-m/nofp\libg.a(lib_a-__atexit.o)
                0x08001380                __register_exitproc
 *(.glue_7)
 .glue_7        0x0800140c        0x0 linker stubs
 *(.glue_7t)
 .glue_7t       0x0800140c        0x0 linker stubs
 *(.eh_frame)
 .eh_frame      0x0800140c        0x0 f:/gcc-arm-none-eabi-10.3-2021.10/bin/../lib/gcc/arm-none-eabi/10.3.1/thumb/v7-m/nofp/crtbegin.o
 *(.init)
 .init          0x0800140c        0x4 f:/gcc-arm-none-eabi-10.3-2021.10/bin/../lib/gcc/arm-none-eabi/10.3.1/thumb/v7-m/nofp/crti.o
                0x0800140c                _init
 .init          0x08001410        0x8 f:/gcc-arm-none-eabi-10.3-2021.10/bin/../lib/gcc/arm-none-eabi/10.3.1/thumb/v7-m/nofp/crtn.o
 *(.fini)
 .fini          0x08001418        0x4 f:/gcc-arm-none-eabi-10.3-2021.10/bin/../lib/gcc/arm-none-eabi/10.3.1/thumb/v7-m/nofp/crti.o
                0x08001418                _fini
 .fini          0x0800141c        0x8 f:/gcc-arm-none-eabi-10.3-2021.10/bin/../lib/gcc/arm-none-eabi/10.3.1/thumb/v7-m/nofp/crtn.o
                0x08001424                . = ALIGN (0x4)
                0x08001424                _etext = .

.vfp11_veneer   0x08001424        0x0
 .vfp11_veneer  0x08001424        0x0 linker stubs

.v4_bx          0x08001424        0x0
 .v4_bx         0x08001424        0x0 linker stubs

.iplt           0x08001424        0x0
 .iplt          0x08001424        0x0 f:/gcc-arm-none-eabi-10.3-2021.10/bin/../lib/gcc/arm-none-eabi/10.3.1/thumb/v7-m/nofp/crtbegin.o

.rodata         0x08001424       0x28
                0x08001424                . = ALIGN (0x4)
 *(.rodata)
 *(.rodata*)
 .rodata.AHBPrescTable
                0x08001424       0x10 CMakeFiles/haircut_stepmotor_control.elf.dir/Core/Src/system_stm32f1xx.c.obj
                0x08001424                AHBPrescTable
 .rodata.aPLLMULFactorTable.1
                0x08001434       0x10 CMakeFiles/haircut_stepmotor_control.elf.dir/Drivers/STM32F1xx_HAL_Driver/Src/stm32f1xx_hal_rcc.c.obj
 .rodata.aPredivFactorTable.0
                0x08001444        0x2 CMakeFiles/haircut_stepmotor_control.elf.dir/Drivers/STM32F1xx_HAL_Driver/Src/stm32f1xx_hal_rcc.c.obj
 *fill*         0x08001446        0x2 
 .rodata._global_impure_ptr
                0x08001448        0x4 f:/gcc-arm-none-eabi-10.3-2021.10/bin/../lib/gcc/arm-none-eabi/10.3.1/../../../../arm-none-eabi/lib/thumb/v7-m/nofp\libg.a(lib_a-impure.o)
                0x08001448                _global_impure_ptr
                0x0800144c                . = ALIGN (0x4)

.rel.dyn        0x0800144c        0x0
 .rel.iplt      0x0800144c        0x0 f:/gcc-arm-none-eabi-10.3-2021.10/bin/../lib/gcc/arm-none-eabi/10.3.1/thumb/v7-m/nofp/crtbegin.o

.ARM.extab      0x0800144c        0x0
                0x0800144c                . = ALIGN (0x4)
 *(.ARM.extab* .gnu.linkonce.armextab.*)
                0x0800144c                . = ALIGN (0x4)

.ARM            0x0800144c        0x0
                0x0800144c                . = ALIGN (0x4)
                0x0800144c                __exidx_start = .
 *(.ARM.exidx*)
                0x0800144c                __exidx_end = .
                0x0800144c                . = ALIGN (0x4)

.preinit_array  0x0800144c        0x0
                0x0800144c                . = ALIGN (0x4)
                0x0800144c                PROVIDE (__preinit_array_start = .)
 *(.preinit_array*)
                0x0800144c                PROVIDE (__preinit_array_end = .)
                0x0800144c                . = ALIGN (0x4)

.init_array     0x0800144c        0x8
                0x0800144c                . = ALIGN (0x4)
                0x0800144c                PROVIDE (__init_array_start = .)
 *(SORT_BY_NAME(.init_array.*))
 .init_array.00000
                0x0800144c        0x4 f:/gcc-arm-none-eabi-10.3-2021.10/bin/../lib/gcc/arm-none-eabi/10.3.1/../../../../arm-none-eabi/lib/thumb/v7-m/nofp\libg.a(lib_a-__call_atexit.o)
 *(.init_array*)
 .init_array    0x08001450        0x4 f:/gcc-arm-none-eabi-10.3-2021.10/bin/../lib/gcc/arm-none-eabi/10.3.1/thumb/v7-m/nofp/crtbegin.o
                0x08001454                PROVIDE (__init_array_end = .)
                0x08001454                . = ALIGN (0x4)

.fini_array     0x08001454        0x4
                0x08001454                . = ALIGN (0x4)
                0x08001454                PROVIDE (__fini_array_start = .)
 *(SORT_BY_NAME(.fini_array.*))
 *(.fini_array*)
 .fini_array    0x08001454        0x4 f:/gcc-arm-none-eabi-10.3-2021.10/bin/../lib/gcc/arm-none-eabi/10.3.1/thumb/v7-m/nofp/crtbegin.o
                0x08001458                PROVIDE (__fini_array_end = .)
                0x08001458                . = ALIGN (0x4)
                0x08001458                _sidata = LOADADDR (.data)

.data           0x20000000      0x43c load address 0x08001458
                0x20000000                . = ALIGN (0x4)
                0x20000000                _sdata = .
 *(.data)
 *(.data*)
 .data.SystemCoreClock
                0x20000000        0x4 CMakeFiles/haircut_stepmotor_control.elf.dir/Core/Src/system_stm32f1xx.c.obj
                0x20000000                SystemCoreClock
 .data.uwTickFreq
                0x20000004        0x1 CMakeFiles/haircut_stepmotor_control.elf.dir/Drivers/STM32F1xx_HAL_Driver/Src/stm32f1xx_hal.c.obj
                0x20000004                uwTickFreq
 *fill*         0x20000005        0x3 
 .data.uwTickPrio
                0x20000008        0x4 CMakeFiles/haircut_stepmotor_control.elf.dir/Drivers/STM32F1xx_HAL_Driver/Src/stm32f1xx_hal.c.obj
                0x20000008                uwTickPrio
 *fill*         0x2000000c        0x4 
 .data.impure_data
                0x20000010      0x428 f:/gcc-arm-none-eabi-10.3-2021.10/bin/../lib/gcc/arm-none-eabi/10.3.1/../../../../arm-none-eabi/lib/thumb/v7-m/nofp\libg.a(lib_a-impure.o)
 .data.__atexit_recursive_mutex
                0x20000438        0x4 f:/gcc-arm-none-eabi-10.3-2021.10/bin/../lib/gcc/arm-none-eabi/10.3.1/../../../../arm-none-eabi/lib/thumb/v7-m/nofp\libg.a(lib_a-__call_atexit.o)
                0x20000438                __atexit_recursive_mutex
 *(.RamFunc)
 *(.RamFunc*)
                0x2000043c                . = ALIGN (0x4)
                0x2000043c                _edata = .

.igot.plt       0x2000043c        0x0 load address 0x08001894
 .igot.plt      0x2000043c        0x0 f:/gcc-arm-none-eabi-10.3-2021.10/bin/../lib/gcc/arm-none-eabi/10.3.1/thumb/v7-m/nofp/crtbegin.o
                0x2000043c                . = ALIGN (0x4)

.bss            0x2000043c       0x6c load address 0x08001894
                0x2000043c                _sbss = .
                0x2000043c                __bss_start__ = _sbss
 *(.bss)
 .bss           0x2000043c       0x1c f:/gcc-arm-none-eabi-10.3-2021.10/bin/../lib/gcc/arm-none-eabi/10.3.1/thumb/v7-m/nofp/crtbegin.o
 *(.bss*)
 .bss.htim2     0x20000458       0x48 CMakeFiles/haircut_stepmotor_control.elf.dir/Core/Src/tim.c.obj
                0x20000458                htim2
 .bss.uwTick    0x200004a0        0x4 CMakeFiles/haircut_stepmotor_control.elf.dir/Drivers/STM32F1xx_HAL_Driver/Src/stm32f1xx_hal.c.obj
                0x200004a0                uwTick
 .bss.__lock___atexit_recursive_mutex
                0x200004a4        0x1 f:/gcc-arm-none-eabi-10.3-2021.10/bin/../lib/gcc/arm-none-eabi/10.3.1/../../../../arm-none-eabi/lib/thumb/v7-m/nofp\libg.a(lib_a-lock.o)
                0x200004a4                __lock___atexit_recursive_mutex
 *(COMMON)
                0x200004a8                . = ALIGN (0x4)
 *fill*         0x200004a5        0x3 
                0x200004a8                _ebss = .
                0x200004a8                __bss_end__ = _ebss

._user_heap_stack
                0x200004a8      0x600 load address 0x08001894
                0x200004a8                . = ALIGN (0x8)
                [!provide]                PROVIDE (end = .)
                0x200004a8                PROVIDE (_end = .)
                0x200006a8                . = (. + _Min_Heap_Size)
 *fill*         0x200004a8      0x200 
                0x20000aa8                . = (. + _Min_Stack_Size)
 *fill*         0x200006a8      0x400 
                0x20000aa8                . = ALIGN (0x8)

/DISCARD/
 libc.a(*)
 libm.a(*)
 libgcc.a(*)

.ARM.attributes
                0x00000000       0x29
 *(.ARM.attributes)
 .ARM.attributes
                0x00000000       0x1d f:/gcc-arm-none-eabi-10.3-2021.10/bin/../lib/gcc/arm-none-eabi/10.3.1/thumb/v7-m/nofp/crti.o
 .ARM.attributes
                0x0000001d       0x2d f:/gcc-arm-none-eabi-10.3-2021.10/bin/../lib/gcc/arm-none-eabi/10.3.1/thumb/v7-m/nofp/crtbegin.o
 .ARM.attributes
                0x0000004a       0x2d CMakeFiles/haircut_stepmotor_control.elf.dir/Core/Src/gpio.c.obj
 .ARM.attributes
                0x00000077       0x2d CMakeFiles/haircut_stepmotor_control.elf.dir/Core/Src/main.c.obj
 .ARM.attributes
                0x000000a4       0x2d CMakeFiles/haircut_stepmotor_control.elf.dir/Core/Src/stm32f1xx_hal_msp.c.obj
 .ARM.attributes
                0x000000d1       0x2d CMakeFiles/haircut_stepmotor_control.elf.dir/Core/Src/stm32f1xx_it.c.obj
 .ARM.attributes
                0x000000fe       0x2d CMakeFiles/haircut_stepmotor_control.elf.dir/Core/Src/system_stm32f1xx.c.obj
 .ARM.attributes
                0x0000012b       0x2d CMakeFiles/haircut_stepmotor_control.elf.dir/Core/Src/tim.c.obj
 .ARM.attributes
                0x00000158       0x21 CMakeFiles/haircut_stepmotor_control.elf.dir/Core/Startup/startup_stm32f103c8tx.s.obj
 .ARM.attributes
                0x00000179       0x2d CMakeFiles/haircut_stepmotor_control.elf.dir/Drivers/STM32F1xx_HAL_Driver/Src/stm32f1xx_hal.c.obj
 .ARM.attributes
                0x000001a6       0x2d CMakeFiles/haircut_stepmotor_control.elf.dir/Drivers/STM32F1xx_HAL_Driver/Src/stm32f1xx_hal_cortex.c.obj
 .ARM.attributes
                0x000001d3       0x2d CMakeFiles/haircut_stepmotor_control.elf.dir/Drivers/STM32F1xx_HAL_Driver/Src/stm32f1xx_hal_gpio.c.obj
 .ARM.attributes
                0x00000200       0x2d CMakeFiles/haircut_stepmotor_control.elf.dir/Drivers/STM32F1xx_HAL_Driver/Src/stm32f1xx_hal_rcc.c.obj
 .ARM.attributes
                0x0000022d       0x2d CMakeFiles/haircut_stepmotor_control.elf.dir/Drivers/STM32F1xx_HAL_Driver/Src/stm32f1xx_hal_tim.c.obj
 .ARM.attributes
                0x0000025a       0x2d CMakeFiles/haircut_stepmotor_control.elf.dir/Drivers/STM32F1xx_HAL_Driver/Src/stm32f1xx_hal_tim_ex.c.obj
 .ARM.attributes
                0x00000287       0x2d f:/gcc-arm-none-eabi-10.3-2021.10/bin/../lib/gcc/arm-none-eabi/10.3.1/../../../../arm-none-eabi/lib/thumb/v7-m/nofp\libg.a(lib_a-impure.o)
 .ARM.attributes
                0x000002b4       0x2d f:/gcc-arm-none-eabi-10.3-2021.10/bin/../lib/gcc/arm-none-eabi/10.3.1/../../../../arm-none-eabi/lib/thumb/v7-m/nofp\libg.a(lib_a-init.o)
 .ARM.attributes
                0x000002e1       0x2d f:/gcc-arm-none-eabi-10.3-2021.10/bin/../lib/gcc/arm-none-eabi/10.3.1/../../../../arm-none-eabi/lib/thumb/v7-m/nofp\libg.a(lib_a-memset.o)
 .ARM.attributes
                0x0000030e       0x2d f:/gcc-arm-none-eabi-10.3-2021.10/bin/../lib/gcc/arm-none-eabi/10.3.1/../../../../arm-none-eabi/lib/thumb/v7-m/nofp\libg.a(lib_a-__call_atexit.o)
 .ARM.attributes
                0x0000033b       0x2d f:/gcc-arm-none-eabi-10.3-2021.10/bin/../lib/gcc/arm-none-eabi/10.3.1/../../../../arm-none-eabi/lib/thumb/v7-m/nofp\libg.a(lib_a-atexit.o)
 .ARM.attributes
                0x00000368       0x2d f:/gcc-arm-none-eabi-10.3-2021.10/bin/../lib/gcc/arm-none-eabi/10.3.1/../../../../arm-none-eabi/lib/thumb/v7-m/nofp\libg.a(lib_a-fini.o)
 .ARM.attributes
                0x00000395       0x2d f:/gcc-arm-none-eabi-10.3-2021.10/bin/../lib/gcc/arm-none-eabi/10.3.1/../../../../arm-none-eabi/lib/thumb/v7-m/nofp\libg.a(lib_a-lock.o)
 .ARM.attributes
                0x000003c2       0x2d f:/gcc-arm-none-eabi-10.3-2021.10/bin/../lib/gcc/arm-none-eabi/10.3.1/../../../../arm-none-eabi/lib/thumb/v7-m/nofp\libg.a(lib_a-__atexit.o)
 .ARM.attributes
                0x000003ef       0x1d f:/gcc-arm-none-eabi-10.3-2021.10/bin/../lib/gcc/arm-none-eabi/10.3.1/thumb/v7-m/nofp/crtn.o
OUTPUT(haircut_stepmotor_control.elf elf32-littlearm)
LOAD linker stubs
LOAD f:/gcc-arm-none-eabi-10.3-2021.10/bin/../lib/gcc/arm-none-eabi/10.3.1/../../../../arm-none-eabi/lib/thumb/v7-m/nofp\libc.a
LOAD f:/gcc-arm-none-eabi-10.3-2021.10/bin/../lib/gcc/arm-none-eabi/10.3.1/../../../../arm-none-eabi/lib/thumb/v7-m/nofp\libm.a
LOAD f:/gcc-arm-none-eabi-10.3-2021.10/bin/../lib/gcc/arm-none-eabi/10.3.1/thumb/v7-m/nofp\libgcc.a

.debug_info     0x00000000     0x9ade
 .debug_info    0x00000000      0x2d7 CMakeFiles/haircut_stepmotor_control.elf.dir/Core/Src/gpio.c.obj
 .debug_info    0x000002d7      0xa0b CMakeFiles/haircut_stepmotor_control.elf.dir/Core/Src/main.c.obj
 .debug_info    0x00000ce2      0x211 CMakeFiles/haircut_stepmotor_control.elf.dir/Core/Src/stm32f1xx_hal_msp.c.obj
 .debug_info    0x00000ef3      0x130 CMakeFiles/haircut_stepmotor_control.elf.dir/Core/Src/stm32f1xx_it.c.obj
 .debug_info    0x00001023      0x248 CMakeFiles/haircut_stepmotor_control.elf.dir/Core/Src/system_stm32f1xx.c.obj
 .debug_info    0x0000126b      0xa3e CMakeFiles/haircut_stepmotor_control.elf.dir/Core/Src/tim.c.obj
 .debug_info    0x00001ca9       0x22 CMakeFiles/haircut_stepmotor_control.elf.dir/Core/Startup/startup_stm32f103c8tx.s.obj
 .debug_info    0x00001ccb      0x7a8 CMakeFiles/haircut_stepmotor_control.elf.dir/Drivers/STM32F1xx_HAL_Driver/Src/stm32f1xx_hal.c.obj
 .debug_info    0x00002473      0xd8a CMakeFiles/haircut_stepmotor_control.elf.dir/Drivers/STM32F1xx_HAL_Driver/Src/stm32f1xx_hal_cortex.c.obj
 .debug_info    0x000031fd      0x66f CMakeFiles/haircut_stepmotor_control.elf.dir/Drivers/STM32F1xx_HAL_Driver/Src/stm32f1xx_hal_gpio.c.obj
 .debug_info    0x0000386c      0xa3b CMakeFiles/haircut_stepmotor_control.elf.dir/Drivers/STM32F1xx_HAL_Driver/Src/stm32f1xx_hal_rcc.c.obj
 .debug_info    0x000042a7     0x3d7c CMakeFiles/haircut_stepmotor_control.elf.dir/Drivers/STM32F1xx_HAL_Driver/Src/stm32f1xx_hal_tim.c.obj
 .debug_info    0x00008023     0x1abb CMakeFiles/haircut_stepmotor_control.elf.dir/Drivers/STM32F1xx_HAL_Driver/Src/stm32f1xx_hal_tim_ex.c.obj

.debug_abbrev   0x00000000     0x161f
 .debug_abbrev  0x00000000      0x13c CMakeFiles/haircut_stepmotor_control.elf.dir/Core/Src/gpio.c.obj
 .debug_abbrev  0x0000013c      0x20e CMakeFiles/haircut_stepmotor_control.elf.dir/Core/Src/main.c.obj
 .debug_abbrev  0x0000034a       0xe5 CMakeFiles/haircut_stepmotor_control.elf.dir/Core/Src/stm32f1xx_hal_msp.c.obj
 .debug_abbrev  0x0000042f       0x7e CMakeFiles/haircut_stepmotor_control.elf.dir/Core/Src/stm32f1xx_it.c.obj
 .debug_abbrev  0x000004ad      0x13e CMakeFiles/haircut_stepmotor_control.elf.dir/Core/Src/system_stm32f1xx.c.obj
 .debug_abbrev  0x000005eb      0x200 CMakeFiles/haircut_stepmotor_control.elf.dir/Core/Src/tim.c.obj
 .debug_abbrev  0x000007eb       0x12 CMakeFiles/haircut_stepmotor_control.elf.dir/Core/Startup/startup_stm32f103c8tx.s.obj
 .debug_abbrev  0x000007fd      0x1f4 CMakeFiles/haircut_stepmotor_control.elf.dir/Drivers/STM32F1xx_HAL_Driver/Src/stm32f1xx_hal.c.obj
 .debug_abbrev  0x000009f1      0x341 CMakeFiles/haircut_stepmotor_control.elf.dir/Drivers/STM32F1xx_HAL_Driver/Src/stm32f1xx_hal_cortex.c.obj
 .debug_abbrev  0x00000d32      0x1e6 CMakeFiles/haircut_stepmotor_control.elf.dir/Drivers/STM32F1xx_HAL_Driver/Src/stm32f1xx_hal_gpio.c.obj
 .debug_abbrev  0x00000f18      0x27a CMakeFiles/haircut_stepmotor_control.elf.dir/Drivers/STM32F1xx_HAL_Driver/Src/stm32f1xx_hal_rcc.c.obj
 .debug_abbrev  0x00001192      0x245 CMakeFiles/haircut_stepmotor_control.elf.dir/Drivers/STM32F1xx_HAL_Driver/Src/stm32f1xx_hal_tim.c.obj
 .debug_abbrev  0x000013d7      0x248 CMakeFiles/haircut_stepmotor_control.elf.dir/Drivers/STM32F1xx_HAL_Driver/Src/stm32f1xx_hal_tim_ex.c.obj

.debug_aranges  0x00000000      0x8e8
 .debug_aranges
                0x00000000       0x20 CMakeFiles/haircut_stepmotor_control.elf.dir/Core/Src/gpio.c.obj
 .debug_aranges
                0x00000020       0x30 CMakeFiles/haircut_stepmotor_control.elf.dir/Core/Src/main.c.obj
 .debug_aranges
                0x00000050       0x20 CMakeFiles/haircut_stepmotor_control.elf.dir/Core/Src/stm32f1xx_hal_msp.c.obj
 .debug_aranges
                0x00000070       0x60 CMakeFiles/haircut_stepmotor_control.elf.dir/Core/Src/stm32f1xx_it.c.obj
 .debug_aranges
                0x000000d0       0x28 CMakeFiles/haircut_stepmotor_control.elf.dir/Core/Src/system_stm32f1xx.c.obj
 .debug_aranges
                0x000000f8       0x38 CMakeFiles/haircut_stepmotor_control.elf.dir/Core/Src/tim.c.obj
 .debug_aranges
                0x00000130       0x28 CMakeFiles/haircut_stepmotor_control.elf.dir/Core/Startup/startup_stm32f103c8tx.s.obj
 .debug_aranges
                0x00000158       0xe0 CMakeFiles/haircut_stepmotor_control.elf.dir/Drivers/STM32F1xx_HAL_Driver/Src/stm32f1xx_hal.c.obj
 .debug_aranges
                0x00000238       0x90 CMakeFiles/haircut_stepmotor_control.elf.dir/Drivers/STM32F1xx_HAL_Driver/Src/stm32f1xx_hal_cortex.c.obj
 .debug_aranges
                0x000002c8       0x58 CMakeFiles/haircut_stepmotor_control.elf.dir/Drivers/STM32F1xx_HAL_Driver/Src/stm32f1xx_hal_gpio.c.obj
 .debug_aranges
                0x00000320       0x90 CMakeFiles/haircut_stepmotor_control.elf.dir/Drivers/STM32F1xx_HAL_Driver/Src/stm32f1xx_hal_rcc.c.obj
 .debug_aranges
                0x000003b0      0x3d0 CMakeFiles/haircut_stepmotor_control.elf.dir/Drivers/STM32F1xx_HAL_Driver/Src/stm32f1xx_hal_tim.c.obj
 .debug_aranges
                0x00000780      0x168 CMakeFiles/haircut_stepmotor_control.elf.dir/Drivers/STM32F1xx_HAL_Driver/Src/stm32f1xx_hal_tim_ex.c.obj

.debug_ranges   0x00000000      0x8a0
 .debug_ranges  0x00000000       0x10 CMakeFiles/haircut_stepmotor_control.elf.dir/Core/Src/gpio.c.obj
 .debug_ranges  0x00000010       0x20 CMakeFiles/haircut_stepmotor_control.elf.dir/Core/Src/main.c.obj
 .debug_ranges  0x00000030       0x10 CMakeFiles/haircut_stepmotor_control.elf.dir/Core/Src/stm32f1xx_hal_msp.c.obj
 .debug_ranges  0x00000040       0x50 CMakeFiles/haircut_stepmotor_control.elf.dir/Core/Src/stm32f1xx_it.c.obj
 .debug_ranges  0x00000090       0x18 CMakeFiles/haircut_stepmotor_control.elf.dir/Core/Src/system_stm32f1xx.c.obj
 .debug_ranges  0x000000a8       0x28 CMakeFiles/haircut_stepmotor_control.elf.dir/Core/Src/tim.c.obj
 .debug_ranges  0x000000d0       0x20 CMakeFiles/haircut_stepmotor_control.elf.dir/Core/Startup/startup_stm32f103c8tx.s.obj
 .debug_ranges  0x000000f0       0xd0 CMakeFiles/haircut_stepmotor_control.elf.dir/Drivers/STM32F1xx_HAL_Driver/Src/stm32f1xx_hal.c.obj
 .debug_ranges  0x000001c0       0xe0 CMakeFiles/haircut_stepmotor_control.elf.dir/Drivers/STM32F1xx_HAL_Driver/Src/stm32f1xx_hal_cortex.c.obj
 .debug_ranges  0x000002a0       0x48 CMakeFiles/haircut_stepmotor_control.elf.dir/Drivers/STM32F1xx_HAL_Driver/Src/stm32f1xx_hal_gpio.c.obj
 .debug_ranges  0x000002e8       0xa0 CMakeFiles/haircut_stepmotor_control.elf.dir/Drivers/STM32F1xx_HAL_Driver/Src/stm32f1xx_hal_rcc.c.obj
 .debug_ranges  0x00000388      0x3c0 CMakeFiles/haircut_stepmotor_control.elf.dir/Drivers/STM32F1xx_HAL_Driver/Src/stm32f1xx_hal_tim.c.obj
 .debug_ranges  0x00000748      0x158 CMakeFiles/haircut_stepmotor_control.elf.dir/Drivers/STM32F1xx_HAL_Driver/Src/stm32f1xx_hal_tim_ex.c.obj

.debug_line     0x00000000     0x93bb
 .debug_line    0x00000000      0x1fd CMakeFiles/haircut_stepmotor_control.elf.dir/Core/Src/gpio.c.obj
 .debug_line    0x000001fd      0x3e7 CMakeFiles/haircut_stepmotor_control.elf.dir/Core/Src/main.c.obj
 .debug_line    0x000005e4      0x188 CMakeFiles/haircut_stepmotor_control.elf.dir/Core/Src/stm32f1xx_hal_msp.c.obj
 .debug_line    0x0000076c      0x1c3 CMakeFiles/haircut_stepmotor_control.elf.dir/Core/Src/stm32f1xx_it.c.obj
 .debug_line    0x0000092f      0x252 CMakeFiles/haircut_stepmotor_control.elf.dir/Core/Src/system_stm32f1xx.c.obj
 .debug_line    0x00000b81      0x3aa CMakeFiles/haircut_stepmotor_control.elf.dir/Core/Src/tim.c.obj
 .debug_line    0x00000f2b       0xa8 CMakeFiles/haircut_stepmotor_control.elf.dir/Core/Startup/startup_stm32f103c8tx.s.obj
 .debug_line    0x00000fd3      0x584 CMakeFiles/haircut_stepmotor_control.elf.dir/Drivers/STM32F1xx_HAL_Driver/Src/stm32f1xx_hal.c.obj
 .debug_line    0x00001557      0x66a CMakeFiles/haircut_stepmotor_control.elf.dir/Drivers/STM32F1xx_HAL_Driver/Src/stm32f1xx_hal_cortex.c.obj
 .debug_line    0x00001bc1      0x612 CMakeFiles/haircut_stepmotor_control.elf.dir/Drivers/STM32F1xx_HAL_Driver/Src/stm32f1xx_hal_gpio.c.obj
 .debug_line    0x000021d3      0xc4f CMakeFiles/haircut_stepmotor_control.elf.dir/Drivers/STM32F1xx_HAL_Driver/Src/stm32f1xx_hal_rcc.c.obj
 .debug_line    0x00002e22     0x499d CMakeFiles/haircut_stepmotor_control.elf.dir/Drivers/STM32F1xx_HAL_Driver/Src/stm32f1xx_hal_tim.c.obj
 .debug_line    0x000077bf     0x1bfc CMakeFiles/haircut_stepmotor_control.elf.dir/Drivers/STM32F1xx_HAL_Driver/Src/stm32f1xx_hal_tim_ex.c.obj

.debug_str      0x00000000     0x2df2
 .debug_str     0x00000000      0x274 CMakeFiles/haircut_stepmotor_control.elf.dir/Core/Src/gpio.c.obj
                                0x2bf (size before relaxing)
 .debug_str     0x00000274      0x65c CMakeFiles/haircut_stepmotor_control.elf.dir/Core/Src/main.c.obj
                                0x8ce (size before relaxing)
 .debug_str     0x000008d0       0x7c CMakeFiles/haircut_stepmotor_control.elf.dir/Core/Src/stm32f1xx_hal_msp.c.obj
                                0x261 (size before relaxing)
 .debug_str     0x0000094c       0xd9 CMakeFiles/haircut_stepmotor_control.elf.dir/Core/Src/stm32f1xx_it.c.obj
                                0x264 (size before relaxing)
 .debug_str     0x00000a25       0xaa CMakeFiles/haircut_stepmotor_control.elf.dir/Core/Src/system_stm32f1xx.c.obj
                                0x296 (size before relaxing)
 .debug_str     0x00000acf      0x18a CMakeFiles/haircut_stepmotor_control.elf.dir/Core/Src/tim.c.obj
                                0x8cf (size before relaxing)
 .debug_str     0x00000c59       0x58 CMakeFiles/haircut_stepmotor_control.elf.dir/Core/Startup/startup_stm32f103c8tx.s.obj
                                 0x8f (size before relaxing)
 .debug_str     0x00000cb1      0x610 CMakeFiles/haircut_stepmotor_control.elf.dir/Drivers/STM32F1xx_HAL_Driver/Src/stm32f1xx_hal.c.obj
                                0x866 (size before relaxing)
 .debug_str     0x000012c1      0x3e7 CMakeFiles/haircut_stepmotor_control.elf.dir/Drivers/STM32F1xx_HAL_Driver/Src/stm32f1xx_hal_cortex.c.obj
                                0x915 (size before relaxing)
 .debug_str     0x000016a8      0x14c CMakeFiles/haircut_stepmotor_control.elf.dir/Drivers/STM32F1xx_HAL_Driver/Src/stm32f1xx_hal_gpio.c.obj
                                0x442 (size before relaxing)
 .debug_str     0x000017f4      0x216 CMakeFiles/haircut_stepmotor_control.elf.dir/Drivers/STM32F1xx_HAL_Driver/Src/stm32f1xx_hal_rcc.c.obj
                                0x66d (size before relaxing)
 .debug_str     0x00001a0a      0xea2 CMakeFiles/haircut_stepmotor_control.elf.dir/Drivers/STM32F1xx_HAL_Driver/Src/stm32f1xx_hal_tim.c.obj
                               0x1691 (size before relaxing)
 .debug_str     0x000028ac      0x546 CMakeFiles/haircut_stepmotor_control.elf.dir/Drivers/STM32F1xx_HAL_Driver/Src/stm32f1xx_hal_tim_ex.c.obj
                                0xe82 (size before relaxing)

.comment        0x00000000       0x49
 .comment       0x00000000       0x49 CMakeFiles/haircut_stepmotor_control.elf.dir/Core/Src/gpio.c.obj
                                 0x4a (size before relaxing)
 .comment       0x00000049       0x4a CMakeFiles/haircut_stepmotor_control.elf.dir/Core/Src/main.c.obj
 .comment       0x00000049       0x4a CMakeFiles/haircut_stepmotor_control.elf.dir/Core/Src/stm32f1xx_hal_msp.c.obj
 .comment       0x00000049       0x4a CMakeFiles/haircut_stepmotor_control.elf.dir/Core/Src/stm32f1xx_it.c.obj
 .comment       0x00000049       0x4a CMakeFiles/haircut_stepmotor_control.elf.dir/Core/Src/system_stm32f1xx.c.obj
 .comment       0x00000049       0x4a CMakeFiles/haircut_stepmotor_control.elf.dir/Core/Src/tim.c.obj
 .comment       0x00000049       0x4a CMakeFiles/haircut_stepmotor_control.elf.dir/Drivers/STM32F1xx_HAL_Driver/Src/stm32f1xx_hal.c.obj
 .comment       0x00000049       0x4a CMakeFiles/haircut_stepmotor_control.elf.dir/Drivers/STM32F1xx_HAL_Driver/Src/stm32f1xx_hal_cortex.c.obj
 .comment       0x00000049       0x4a CMakeFiles/haircut_stepmotor_control.elf.dir/Drivers/STM32F1xx_HAL_Driver/Src/stm32f1xx_hal_gpio.c.obj
 .comment       0x00000049       0x4a CMakeFiles/haircut_stepmotor_control.elf.dir/Drivers/STM32F1xx_HAL_Driver/Src/stm32f1xx_hal_rcc.c.obj
 .comment       0x00000049       0x4a CMakeFiles/haircut_stepmotor_control.elf.dir/Drivers/STM32F1xx_HAL_Driver/Src/stm32f1xx_hal_tim.c.obj
 .comment       0x00000049       0x4a CMakeFiles/haircut_stepmotor_control.elf.dir/Drivers/STM32F1xx_HAL_Driver/Src/stm32f1xx_hal_tim_ex.c.obj

.debug_frame    0x00000000     0x1860
 .debug_frame   0x00000000       0x30 CMakeFiles/haircut_stepmotor_control.elf.dir/Core/Src/gpio.c.obj
 .debug_frame   0x00000030       0x58 CMakeFiles/haircut_stepmotor_control.elf.dir/Core/Src/main.c.obj
 .debug_frame   0x00000088       0x28 CMakeFiles/haircut_stepmotor_control.elf.dir/Core/Src/stm32f1xx_hal_msp.c.obj
 .debug_frame   0x000000b0       0xa8 CMakeFiles/haircut_stepmotor_control.elf.dir/Core/Src/stm32f1xx_it.c.obj
 .debug_frame   0x00000158       0x30 CMakeFiles/haircut_stepmotor_control.elf.dir/Core/Src/system_stm32f1xx.c.obj
 .debug_frame   0x00000188       0x78 CMakeFiles/haircut_stepmotor_control.elf.dir/Core/Src/tim.c.obj
 .debug_frame   0x00000200      0x1cc CMakeFiles/haircut_stepmotor_control.elf.dir/Drivers/STM32F1xx_HAL_Driver/Src/stm32f1xx_hal.c.obj
 .debug_frame   0x000003cc      0x118 CMakeFiles/haircut_stepmotor_control.elf.dir/Drivers/STM32F1xx_HAL_Driver/Src/stm32f1xx_hal_cortex.c.obj
 .debug_frame   0x000004e4       0xe4 CMakeFiles/haircut_stepmotor_control.elf.dir/Drivers/STM32F1xx_HAL_Driver/Src/stm32f1xx_hal_gpio.c.obj
 .debug_frame   0x000005c8      0x184 CMakeFiles/haircut_stepmotor_control.elf.dir/Drivers/STM32F1xx_HAL_Driver/Src/stm32f1xx_hal_rcc.c.obj
 .debug_frame   0x0000074c      0xb1c CMakeFiles/haircut_stepmotor_control.elf.dir/Drivers/STM32F1xx_HAL_Driver/Src/stm32f1xx_hal_tim.c.obj
 .debug_frame   0x00001268      0x40c CMakeFiles/haircut_stepmotor_control.elf.dir/Drivers/STM32F1xx_HAL_Driver/Src/stm32f1xx_hal_tim_ex.c.obj
 .debug_frame   0x00001674       0x2c f:/gcc-arm-none-eabi-10.3-2021.10/bin/../lib/gcc/arm-none-eabi/10.3.1/../../../../arm-none-eabi/lib/thumb/v7-m/nofp\libg.a(lib_a-init.o)
 .debug_frame   0x000016a0       0x2c f:/gcc-arm-none-eabi-10.3-2021.10/bin/../lib/gcc/arm-none-eabi/10.3.1/../../../../arm-none-eabi/lib/thumb/v7-m/nofp\libg.a(lib_a-memset.o)
 .debug_frame   0x000016cc       0x5c f:/gcc-arm-none-eabi-10.3-2021.10/bin/../lib/gcc/arm-none-eabi/10.3.1/../../../../arm-none-eabi/lib/thumb/v7-m/nofp\libg.a(lib_a-__call_atexit.o)
 .debug_frame   0x00001728       0x20 f:/gcc-arm-none-eabi-10.3-2021.10/bin/../lib/gcc/arm-none-eabi/10.3.1/../../../../arm-none-eabi/lib/thumb/v7-m/nofp\libg.a(lib_a-atexit.o)
 .debug_frame   0x00001748       0x34 f:/gcc-arm-none-eabi-10.3-2021.10/bin/../lib/gcc/arm-none-eabi/10.3.1/../../../../arm-none-eabi/lib/thumb/v7-m/nofp\libg.a(lib_a-fini.o)
 .debug_frame   0x0000177c       0xb0 f:/gcc-arm-none-eabi-10.3-2021.10/bin/../lib/gcc/arm-none-eabi/10.3.1/../../../../arm-none-eabi/lib/thumb/v7-m/nofp\libg.a(lib_a-lock.o)
 .debug_frame   0x0000182c       0x34 f:/gcc-arm-none-eabi-10.3-2021.10/bin/../lib/gcc/arm-none-eabi/10.3.1/../../../../arm-none-eabi/lib/thumb/v7-m/nofp\libg.a(lib_a-__atexit.o)

.debug_loc      0x00000000     0x8202
 .debug_loc     0x00000000       0x15 CMakeFiles/haircut_stepmotor_control.elf.dir/Core/Src/stm32f1xx_hal_msp.c.obj
 .debug_loc     0x00000015       0xff CMakeFiles/haircut_stepmotor_control.elf.dir/Core/Src/system_stm32f1xx.c.obj
 .debug_loc     0x00000114       0x42 CMakeFiles/haircut_stepmotor_control.elf.dir/Core/Src/tim.c.obj
 .debug_loc     0x00000156      0x141 CMakeFiles/haircut_stepmotor_control.elf.dir/Drivers/STM32F1xx_HAL_Driver/Src/stm32f1xx_hal.c.obj
 .debug_loc     0x00000297      0x71f CMakeFiles/haircut_stepmotor_control.elf.dir/Drivers/STM32F1xx_HAL_Driver/Src/stm32f1xx_hal_cortex.c.obj
 .debug_loc     0x000009b6      0x47d CMakeFiles/haircut_stepmotor_control.elf.dir/Drivers/STM32F1xx_HAL_Driver/Src/stm32f1xx_hal_gpio.c.obj
 .debug_loc     0x00000e33      0x618 CMakeFiles/haircut_stepmotor_control.elf.dir/Drivers/STM32F1xx_HAL_Driver/Src/stm32f1xx_hal_rcc.c.obj
 .debug_loc     0x0000144b     0x5124 CMakeFiles/haircut_stepmotor_control.elf.dir/Drivers/STM32F1xx_HAL_Driver/Src/stm32f1xx_hal_tim.c.obj
 .debug_loc     0x0000656f     0x1c93 CMakeFiles/haircut_stepmotor_control.elf.dir/Drivers/STM32F1xx_HAL_Driver/Src/stm32f1xx_hal_tim_ex.c.obj
